// Jest Snapshot v1, https://goo.gl/fbAQLP

exports[`Should render Expense with provided props 1`] = `
<div
  className="expense component"
  id="expense-1"
>
  <div
    className="expense-createdat"
  >
    12/31/1969
    :
  </div>
  <div
    className="expense-description"
  >
    Gum
  </div>
  <div
    className="expense-amount"
  >
    $1.95
  </div>
  <Link
    className="expense-edit"
    replace={false}
    to="/edit/1"
  >
    edit
  </Link>
</div>
`;
