// Jest Snapshot v1, https://goo.gl/fbAQLP

exports[`Header component Should render header correctly 1`] = `
<div
  className="header component"
>
  <header>
    <h1
      className="header-title"
    >
      React-Expensify
    </h1>
    <div
      className="header-nav"
    >
      <NavLink
        activeClassName="is-active"
        to="/dashboard"
      >
        Dashboard
      </NavLink>
       | 
      <NavLink
        activeClassName="is-active"
        to="/add"
      >
        Add Expense
      </NavLink>
    </div>
    <div
      className="header-auth"
    >
      <span
        className="header-auth-username"
      >
        Joe Blow
      </span>
      <button
        aria-label="Log Out"
        className="header-auth-btn logout"
        onClick={[Function]}
        title="Log Out"
      >
        <FontAwesome
          name="sign-out"
        />
      </button>
    </div>
  </header>
  <Connect(DismissableAlert) />
</div>
`;
