// Jest Snapshot v1, https://goo.gl/fbAQLP

exports[`Login component Should render Login correctly 1`] = `
<div
  className="login component"
>
  <h1
    className="login-title"
  >
    React-Expensify
  </h1>
  <p
    className="login-byline"
  >
    by 
    <a
      href="http://tze1.com/"
      target="_blank"
      title="Tze-chiu Lei's portfolio site"
    >
      Tze-chiu Lei
    </a>
  </p>
  <p
    className="login-instructions"
  >
    Please log in [no sign-up needed]:
  </p>
  <div
    className="login-btns"
  >
    <button
      className="login-btn button third-party google"
      title="Log in with Google"
    >
      Login with Google
    </button>
    <button
      className="login-btn button third-party facebook"
      title="Log in with Facebook"
    >
      Continue with Facebook
    </button>
    <button
      className="login-btn button third-party twitter"
      title="Log in with Twitter"
    >
      Login with Twitter
    </button>
    <button
      className="login-btn button third-party github"
      title="Log in with GitHub"
    >
      Login with GitHub
    </button>
  </div>
  <p
    className="login-credits"
  >
    This DEMO app uses 
    <a
      href="https://firebase.google.com/"
      target="_blank"
    >
      Google Firebase
    </a>
     Authentication & Databases.
    <br />
    NOTE: If testing different sign-in providers, beware that each creates a separate account.  OAuth accounts-linking is beyond the scope of this demo.
  </p>
  <p
    className="login-appinfo"
  >
    See source-code and unit-tests in the 
    <a
      href="https://github.com/tlei123/react-expensify"
      target="_blank"
    >
      GitHub project
    </a>
    .
  </p>
</div>
`;
